<html>
<body>
<pre>
<h1>µVision Build Log</h1>
<h2>Project:</h2>
C:\Users\Vito\Desktop\Problem_7_2017\Problem7_1\landtiger\sample\sample.uvproj
Project File Date:  12/21/2017

<h2>Output:</h2>
Build target 'Target 1'
assembling startup_LPC17xx.s...
compiling sample.c...
compiling core_cm3.c...
compiling system_LPC17xx.c...
compiling funct_led.c...
compiling lib_led.c...
compiling IRQ_button.c...
compiling lib_button.c...
compiling funct_timer.c...
compiling IRQ_timer.c...
compiling lib_timer.c...
linking...
Program Size: Code=1500 RO-data=268 RW-data=12 ZI-data=612  
"sample.axf" - 0 Error(s), 0 Warning(s).
Build target 'Target 1'
compiling sample.c...
compiling IRQ_button.c...
button_EXINT\IRQ_button.c(9): error:  #77-D: this declaration has no storage class or type specifier
button_EXINT\IRQ_button.c(9): error:  #147: declaration is incompatible with "unsigned int current" (declared at line 7)
Target not created
Build target 'Target 1'
compiling IRQ_button.c...
button_EXINT\IRQ_button.c(9): error:  #77-D: this declaration has no storage class or type specifier
Target not created
Build target 'Target 1'
compiling IRQ_button.c...
button_EXINT\IRQ_button.c(9): error:  #77-D: this declaration has no storage class or type specifier
Target not created
Build target 'Target 1'
compiling IRQ_button.c...
linking...
Program Size: Code=1488 RO-data=268 RW-data=12 ZI-data=612  
"sample.axf" - 0 Error(s), 0 Warning(s).
Build target 'Target 1'
compiling sample.c...
linking...
Program Size: Code=1488 RO-data=268 RW-data=12 ZI-data=612  
"sample.axf" - 0 Error(s), 0 Warning(s).
Build target 'Target 1'
compiling IRQ_button.c...
linking...
Program Size: Code=1480 RO-data=268 RW-data=12 ZI-data=612  
"sample.axf" - 0 Error(s), 0 Warning(s).
Build target 'Target 1'
compiling IRQ_button.c...
linking...
Program Size: Code=1480 RO-data=268 RW-data=12 ZI-data=612  
"sample.axf" - 0 Error(s), 0 Warning(s).
Build target 'Target 1'
compiling IRQ_button.c...
linking...
Program Size: Code=1480 RO-data=268 RW-data=12 ZI-data=612  
"sample.axf" - 0 Error(s), 0 Warning(s).
Build target 'Target 1'
compiling sample.c...
linking...
Program Size: Code=1480 RO-data=268 RW-data=12 ZI-data=612  
"sample.axf" - 0 Error(s), 0 Warning(s).
